[daniels.bitballoon.com/particles.html]
[backblue.gif]
[fade.gif]
[index.html]
[daniels.bitballoon.com/img/favicon.ico]
[daniels.bitballoon.com/css/owl.carousel.min.css]
[daniels.bitballoon.com/css/owl.theme.default.min.css]
[daniels.bitballoon.com/css/bootstrap.min.css]
[daniels.bitballoon.com/css/magnific-popup.css]
[daniels.bitballoon.com/css/animate.min.css]
[daniels.bitballoon.com/css/et-line.css]
[daniels.bitballoon.com/css/font-awesome.min.css]
[daniels.bitballoon.com/css/style.css]
[daniels.bitballoon.com/js/html5shiv.min.js]
[daniels.bitballoon.com/img/bg.jpg]
[daniels.bitballoon.com/img/hero.jpg]
[daniels.bitballoon.com/img/portfolio/1.jpg]
[daniels.bitballoon.com/img/portfolio/2.jpg]
[daniels.bitballoon.com/img/portfolio/3.jpg]
[daniels.bitballoon.com/img/portfolio/4.jpg]
[daniels.bitballoon.com/img/portfolio/5.jpg]
[daniels.bitballoon.com/img/portfolio/6.jpg]
[daniels.bitballoon.com/img/clients/1.jpg]
[daniels.bitballoon.com/img/blog/1.jpg]
[daniels.bitballoon.com/img/blog/2.jpg]
[daniels.bitballoon.com/img/blog/3.jpg]
[daniels.bitballoon.com/img/blog/4.jpg]
[code.jquery.com/jquery-3.0.0.min.js]
[daniels.bitballoon.com/js/scrollIt.min.js]
[daniels.bitballoon.com/js/jquery.magnific-popup.min.js]
[daniels.bitballoon.com/js/owl.carousel.min.js]
[daniels.bitballoon.com/js/jquery.stellar.min.js]
[daniels.bitballoon.com/js/animated.headline.js]
[daniels.bitballoon.com/js/jquery.waypoints.min.js]
[daniels.bitballoon.com/js/jquery.counterup.min.js]
[daniels.bitballoon.com/js/isotope.pkgd.min.js]
[daniels.bitballoon.com/js/particles.min.js]
[daniels.bitballoon.com/js/app.js]
[daniels.bitballoon.com/js/validator.js]
[daniels.bitballoon.com/js/custom.js]
[daniels.bitballoon.com/particles.html]
[daniels.bitballoon.com/js/bootstrap.min.js]
[code.jquery.com/jquery-migrate-3.0.0.min.js]
[daniels.bitballoon.com/fonts/glyphicons-halflings-regular.28.delayed]
[daniels.bitballoon.com/fonts/glyphicons-halflings-regular.eot]
[daniels.bitballoon.com/fonts/glyphicons-halflings-regulard41d.eot]
[daniels.bitballoon.com/fonts/glyphicons-halflings-regular.svg]
[daniels.bitballoon.com/css/bootstrap.min.css]
[daniels.bitballoon.com/fonts/glyphicons-halflings-regular.woff]
[daniels.bitballoon.com/css/owl.video.play.png]
[daniels.bitballoon.com/css/owl.carousel.min.css]
[daniels.bitballoon.com/css/owl.theme.default.min.css]
[daniels.bitballoon.com/css/magnific-popup.css]
[daniels.bitballoon.com/css/animate.min.css]
[daniels.bitballoon.com/fonts/glyphicons-halflings-regular.ttf]
[daniels.bitballoon.com/fonts/fontawesome-webfont3e6e.woff2]
[daniels.bitballoon.com/fonts/fontawesome-webfont3e6e.eot]
[daniels.bitballoon.com/fonts/fontawesome-webfontd41d.eot]
[daniels.bitballoon.com/fonts/fontawesome-webfont.323e6e.delayed]
[daniels.bitballoon.com/css/font-awesome.min.css]
[daniels.bitballoon.com/fonts/et-line.eot]
[daniels.bitballoon.com/fonts/et-lined41d.eot]
[daniels.bitballoon.com/fonts/et-line.ttf]
[daniels.bitballoon.com/fonts/et-line.woff]
[daniels.bitballoon.com/fonts/et-line.svg]
[daniels.bitballoon.com/css/et-line.css]
[daniels.bitballoon.com/css/main.css]
[daniels.bitballoon.com/img/dots.png]
[daniels.bitballoon.com/css/style.css]
[daniels.bitballoon.com/fonts/glyphicons-halflings-regular.html]
[daniels.bitballoon.com/fonts/glyphicons-halflings-regular-2.html]
[daniels.bitballoon.com/css/owl.video.play.html]
[daniels.bitballoon.com/fonts/fontawesome-webfont3e6e.ttf]
[daniels.bitballoon.com/fonts/fontawesome-webfont3e6e.html]
[daniels.bitballoon.com/fonts/et-line.html]
[daniels.bitballoon.com/css/main.css]
[daniels.bitballoon.com/fonts/fontawesome-webfont3e6e.woff]
